Archive member included to satisfy reference by file (symbol)

/usr/lib/gcc/arm-none-eabi/13.2.1/../../../arm-none-eabi/lib/thumb/v7e-m+fp/hard/libc.a(libc_a-memset.o)
                              /usr/lib/gcc/arm-none-eabi/13.2.1/../../../arm-none-eabi/lib/thumb/v7e-m+fp/hard/crt0.o (memset)
/usr/lib/gcc/arm-none-eabi/13.2.1/../../../arm-none-eabi/lib/thumb/v7e-m+fp/hard/libc.a(libc_a-errno.o)
                              Build/obj/_syscalls.o (__errno)
/usr/lib/gcc/arm-none-eabi/13.2.1/../../../arm-none-eabi/lib/thumb/v7e-m+fp/hard/libc.a(libc_a-impure.o)
                              /usr/lib/gcc/arm-none-eabi/13.2.1/../../../arm-none-eabi/lib/thumb/v7e-m+fp/hard/libc.a(libc_a-errno.o) (_impure_ptr)
/usr/lib/gcc/arm-none-eabi/13.2.1/../../../arm-none-eabi/lib/thumb/v7e-m+fp/hard/libc.a(libc_a-init.o)
                              /usr/lib/gcc/arm-none-eabi/13.2.1/../../../arm-none-eabi/lib/thumb/v7e-m+fp/hard/crt0.o (__libc_init_array)
/usr/lib/gcc/arm-none-eabi/13.2.1/../../../arm-none-eabi/lib/thumb/v7e-m+fp/hard/libc.a(libc_a-findfp.o)
                              /usr/lib/gcc/arm-none-eabi/13.2.1/../../../arm-none-eabi/lib/thumb/v7e-m+fp/hard/libc.a(libc_a-impure.o) (__sf)
/usr/lib/gcc/arm-none-eabi/13.2.1/../../../arm-none-eabi/lib/thumb/v7e-m+fp/hard/libc.a(libc_a-exit.o)
                              /usr/lib/gcc/arm-none-eabi/13.2.1/../../../arm-none-eabi/lib/thumb/v7e-m+fp/hard/crt0.o (exit)
/usr/lib/gcc/arm-none-eabi/13.2.1/../../../arm-none-eabi/lib/thumb/v7e-m+fp/hard/libc.a(libc_a-atexit.o)
                              /usr/lib/gcc/arm-none-eabi/13.2.1/../../../arm-none-eabi/lib/thumb/v7e-m+fp/hard/crt0.o (atexit)
/usr/lib/gcc/arm-none-eabi/13.2.1/../../../arm-none-eabi/lib/thumb/v7e-m+fp/hard/libc.a(libc_a-fini.o)
                              /usr/lib/gcc/arm-none-eabi/13.2.1/../../../arm-none-eabi/lib/thumb/v7e-m+fp/hard/crt0.o (__libc_fini_array)
/usr/lib/gcc/arm-none-eabi/13.2.1/../../../arm-none-eabi/lib/thumb/v7e-m+fp/hard/libc.a(libc_a-fwalk.o)
                              /usr/lib/gcc/arm-none-eabi/13.2.1/../../../arm-none-eabi/lib/thumb/v7e-m+fp/hard/libc.a(libc_a-findfp.o) (_fwalk_sglue)
/usr/lib/gcc/arm-none-eabi/13.2.1/../../../arm-none-eabi/lib/thumb/v7e-m+fp/hard/libc.a(libc_a-mallocr.o)
                              /usr/lib/gcc/arm-none-eabi/13.2.1/../../../arm-none-eabi/lib/thumb/v7e-m+fp/hard/libc.a(libc_a-findfp.o) (_malloc_r)
/usr/lib/gcc/arm-none-eabi/13.2.1/../../../arm-none-eabi/lib/thumb/v7e-m+fp/hard/libc.a(libc_a-freer.o)
                              /usr/lib/gcc/arm-none-eabi/13.2.1/../../../arm-none-eabi/lib/thumb/v7e-m+fp/hard/libc.a(libc_a-mallocr.o) (_free_r)
/usr/lib/gcc/arm-none-eabi/13.2.1/../../../arm-none-eabi/lib/thumb/v7e-m+fp/hard/libc.a(libc_a-fclose.o)
                              /usr/lib/gcc/arm-none-eabi/13.2.1/../../../arm-none-eabi/lib/thumb/v7e-m+fp/hard/libc.a(libc_a-findfp.o) (_fclose_r)
/usr/lib/gcc/arm-none-eabi/13.2.1/../../../arm-none-eabi/lib/thumb/v7e-m+fp/hard/libc.a(libc_a-__call_atexit.o)
                              /usr/lib/gcc/arm-none-eabi/13.2.1/../../../arm-none-eabi/lib/thumb/v7e-m+fp/hard/libc.a(libc_a-exit.o) (__call_exitprocs)
/usr/lib/gcc/arm-none-eabi/13.2.1/../../../arm-none-eabi/lib/thumb/v7e-m+fp/hard/libc.a(libc_a-sysconf.o)
                              /usr/lib/gcc/arm-none-eabi/13.2.1/../../../arm-none-eabi/lib/thumb/v7e-m+fp/hard/libc.a(libc_a-mallocr.o) (sysconf)
/usr/lib/gcc/arm-none-eabi/13.2.1/../../../arm-none-eabi/lib/thumb/v7e-m+fp/hard/libc.a(libc_a-stdio.o)
                              /usr/lib/gcc/arm-none-eabi/13.2.1/../../../arm-none-eabi/lib/thumb/v7e-m+fp/hard/libc.a(libc_a-findfp.o) (__sread)
/usr/lib/gcc/arm-none-eabi/13.2.1/../../../arm-none-eabi/lib/thumb/v7e-m+fp/hard/libc.a(libc_a-__atexit.o)
                              /usr/lib/gcc/arm-none-eabi/13.2.1/../../../arm-none-eabi/lib/thumb/v7e-m+fp/hard/libc.a(libc_a-atexit.o) (__register_exitproc)
/usr/lib/gcc/arm-none-eabi/13.2.1/../../../arm-none-eabi/lib/thumb/v7e-m+fp/hard/libc.a(libc_a-writer.o)
                              /usr/lib/gcc/arm-none-eabi/13.2.1/../../../arm-none-eabi/lib/thumb/v7e-m+fp/hard/libc.a(libc_a-stdio.o) (_write_r)
/usr/lib/gcc/arm-none-eabi/13.2.1/../../../arm-none-eabi/lib/thumb/v7e-m+fp/hard/libc.a(libc_a-mlock.o)
                              /usr/lib/gcc/arm-none-eabi/13.2.1/../../../arm-none-eabi/lib/thumb/v7e-m+fp/hard/libc.a(libc_a-mallocr.o) (__malloc_lock)
/usr/lib/gcc/arm-none-eabi/13.2.1/../../../arm-none-eabi/lib/thumb/v7e-m+fp/hard/libc.a(libc_a-sbrkr.o)
                              /usr/lib/gcc/arm-none-eabi/13.2.1/../../../arm-none-eabi/lib/thumb/v7e-m+fp/hard/libc.a(libc_a-mallocr.o) (_sbrk_r)
/usr/lib/gcc/arm-none-eabi/13.2.1/../../../arm-none-eabi/lib/thumb/v7e-m+fp/hard/libc.a(libc_a-closer.o)
                              /usr/lib/gcc/arm-none-eabi/13.2.1/../../../arm-none-eabi/lib/thumb/v7e-m+fp/hard/libc.a(libc_a-stdio.o) (_close_r)
[...]
Memory Configuration

Name             Origin             Length             Attributes
RAM              0x20000000         0x00030000         xrw
FLASH            0x08000000         0x00300000         xr
TCMRAM           0x10000000         0x00010000         rw
*default*        0x00000000         0xffffffff

Linker script and memory map

LOAD /usr/lib/gcc/arm-none-eabi/13.2.1/thumb/v7e-m+fp/hard/crti.o
LOAD /usr/lib/gcc/arm-none-eabi/13.2.1/thumb/v7e-m+fp/hard/crtbegin.o
LOAD /usr/lib/gcc/arm-none-eabi/13.2.1/../../../arm-none-eabi/lib/thumb/v7e-m+fp/hard/crt0.o
LOAD Build/obj/system_gd32f4xx.o
LOAD Build/obj/startup_gd32f407_427.o
LOAD Build/obj/main.o
LOAD Build/obj/_syscalls.o
LOAD Build/obj/Gpio.o
LOAD Build/obj/Rcu.o
LOAD Build/obj/Pmu.o
LOAD Build/obj/gd32f4xx_adc.o
LOAD Build/obj/gd32f4xx_can.o
LOAD Build/obj/gd32f4xx_crc.o
LOAD Build/obj/gd32f4xx_ctc.o
LOAD Build/obj/gd32f4xx_dac.o
LOAD Build/obj/gd32f4xx_dbg.o
LOAD Build/obj/gd32f4xx_dci.o
LOAD Build/obj/gd32f4xx_dma.o
LOAD Build/obj/gd32f4xx_enet.o
LOAD Build/obj/gd32f4xx_exmc.o
LOAD Build/obj/gd32f4xx_exti.o
LOAD Build/obj/gd32f4xx_fmc.o
LOAD Build/obj/gd32f4xx_fwdgt.o
LOAD Build/obj/gd32f4xx_gpio.o
LOAD Build/obj/gd32f4xx_i2c.o
LOAD Build/obj/gd32f4xx_ipa.o
LOAD Build/obj/gd32f4xx_iref.o
LOAD Build/obj/gd32f4xx_misc.o
LOAD Build/obj/gd32f4xx_pmu.o
LOAD Build/obj/gd32f4xx_rcu.o
LOAD Build/obj/gd32f4xx_rtc.o
LOAD Build/obj/gd32f4xx_sdio.o
LOAD Build/obj/gd32f4xx_spi.o
LOAD Build/obj/gd32f4xx_syscfg.o
LOAD Build/obj/gd32f4xx_timer.o
LOAD Build/obj/gd32f4xx_tli.o
LOAD Build/obj/gd32f4xx_trng.o
LOAD Build/obj/gd32f4xx_usart.o
LOAD Build/obj/gd32f4xx_wwdgt.o
START GROUP
LOAD /usr/lib/gcc/arm-none-eabi/13.2.1/thumb/v7e-m+fp/hard/libgcc.a
LOAD /usr/lib/gcc/arm-none-eabi/13.2.1/../../../arm-none-eabi/lib/thumb/v7e-m+fp/hard/libc.a
END GROUP
START GROUP
LOAD /usr/lib/gcc/arm-none-eabi/13.2.1/thumb/v7e-m+fp/hard/libgcc.a
LOAD /usr/lib/gcc/arm-none-eabi/13.2.1/../../../arm-none-eabi/lib/thumb/v7e-m+fp/hard/libc.a
LOAD /usr/lib/gcc/arm-none-eabi/13.2.1/../../../arm-none-eabi/lib/thumb/v7e-m+fp/hard/libnosys.a
END GROUP
LOAD /usr/lib/gcc/arm-none-eabi/13.2.1/thumb/v7e-m+fp/hard/crtend.o
LOAD /usr/lib/gcc/arm-none-eabi/13.2.1/thumb/v7e-m+fp/hard/crtn.o
                0x20030000                        _estack = (ORIGIN (RAM) + LENGTH (RAM))
                0x00000200                        _Min_Heap_Size = 0x200
                0x00000400                        _Min_Stack_Size = 0x400

.isr_vector     0x08000000      0x188
                0x08000000                        . = ALIGN (0x4)
 *(.isr_vector)
 .isr_vector    0x08000000      0x188 Build/obj/startup_gd32f407_427.o
                0x08000000                g_pfnVectors
                0x08000188                        . = ALIGN (0x4)

.text           0x08000188      0xb08
                0x08000188                        . = ALIGN (0x4)
 *(.text)
 .text          0x08000188       0x88 /usr/lib/gcc/arm-none-eabi/13.2.1/thumb/v7e-m+fp/hard/crtbegin.o
 .text          0x08000210       0x50 /usr/lib/gcc/arm-none-eabi/13.2.1/../../../arm-none-eabi/lib/thumb/v7e-m+fp/hard/libc.a(libc_a-init.o)
                0x08000210                __libc_init_array
 .text          0x08000260        0xc /usr/lib/gcc/arm-none-eabi/13.2.1/../../../arm-none-eabi/lib/thumb/v7e-m+fp/hard/libc.a(libc_a-atexit.o)
                0x08000260                atexit
 .text          0x0800026c       0x28 /usr/lib/gcc/arm-none-eabi/13.2.1/../../../arm-none-eabi/lib/thumb/v7e-m+fp/hard/libc.a(libc_a-fini.o)
                0x0800026c                __libc_fini_array
 .text          0x08000294       0x64 /usr/lib/gcc/arm-none-eabi/13.2.1/../../../arm-none-eabi/lib/thumb/v7e-m+fp/hard/libc.a(libc_a-__atexit.o)
                0x08000294                __register_exitproc
 *(.text*)
 .text.SystemInit
                0x080002f8       0x20 Build/obj/system_gd32f4xx.o
                0x080002f8                SystemInit
 .text.system_clock_config
                0x08000318        0xa Build/obj/system_gd32f4xx.o
 .text.system_clock_200m_25m_hxtal
                0x08000322        0x4 Build/obj/system_gd32f4xx.o
 *fill*         0x08000326        0x2 
 .text.Reset_Handler
                0x08000328       0x48 Build/obj/startup_gd32f407_427.o
                0x08000328                Reset_Handler
 .text.Default_Handler
                0x08000370        0x2 Build/obj/startup_gd32f407_427.o
                0x08000370                RTC_Alarm_IRQHandler
                0x08000370                EXTI2_IRQHandler
                0x08000370                TIMER2_IRQHandler
                0x08000370                DebugMon_Handler
                0x08000370                LVD_IRQHandler
                0x08000370                CAN1_EWMC_IRQHandler
                0x08000370                HardFault_Handler
                0x08000370                TIMER7_UP_TIMER12_IRQHandler
                0x08000370                SysTick_Handler
                0x08000370                SDIO_IRQHandler
                0x08000370                PendSV_Handler
                0x08000370                NMI_Handler
                0x08000370                EXTI3_IRQHandler
                0x08000370                DCI_IRQHandler
                0x08000370                USBFS_WKUP_IRQHandler
                0x08000370                USBHS_IRQHandler
                0x08000370                TIMER5_DAC_IRQHandler
                0x08000370                TIMER0_TRG_CMT_TIMER10_IRQHandler
                0x08000370                USBFS_IRQHandler
                0x08000370                TIMER3_IRQHandler
                0x08000370                DMA0_Channel6_IRQHandler
                0x08000370                I2C0_EV_IRQHandler
                0x08000370                EXTI0_IRQHandler
                0x08000370                I2C2_EV_IRQHandler
                0x08000370                CAN1_RX0_IRQHandler
                0x08000370                FPU_IRQHandler
                0x08000370                TIMER7_TRG_CMT_TIMER13_IRQHandler
                0x08000370                UsageFault_Handler
                0x08000370                TIMER4_IRQHandler
                0x08000370                SPI1_IRQHandler
                0x08000370                DMA0_Channel0_IRQHandler
                0x08000370                USART5_IRQHandler
                0x08000370                TIMER0_BRK_TIMER8_IRQHandler
                0x08000370                DMA1_Channel0_IRQHandler
                0x08000370                TIMER7_BRK_TIMER11_IRQHandler
                0x08000370                TIMER6_IRQHandler
                0x08000370                DMA1_Channel4_IRQHandler
                0x08000370                DMA0_Channel3_IRQHandler
                0x08000370                I2C0_ER_IRQHandler
                0x08000370                TIMER0_UP_TIMER9_IRQHandler
                0x08000370                DMA1_Channel7_IRQHandler
                0x08000370                CAN1_RX1_IRQHandler
                0x08000370                DMA0_Channel2_IRQHandler
                0x08000370                USART0_IRQHandler
                0x08000370                TIMER1_IRQHandler
                0x08000370                I2C1_EV_IRQHandler
                0x08000370                DMA1_Channel6_IRQHandler
                0x08000370                UART4_IRQHandler
                0x08000370                EXTI10_15_IRQHandler
                0x08000370                DMA1_Channel1_IRQHandler
                0x08000370                Default_Handler
                0x08000370                TIMER7_Channel_IRQHandler
                0x08000370                DMA0_Channel7_IRQHandler
                0x08000370                ADC_IRQHandler
                0x08000370                CAN0_TX_IRQHandler
                0x08000370                WWDGT_IRQHandler
                0x08000370                EXMC_IRQHandler
                0x08000370                TAMPER_STAMP_IRQHandler
                0x08000370                RTC_WKUP_IRQHandler
                0x08000370                SPI2_IRQHandler
                0x08000370                MemManage_Handler
                0x08000370                CAN1_TX_IRQHandler
                0x08000370                SVC_Handler
                0x08000370                RCU_CTC_IRQHandler
                0x08000370                DMA1_Channel5_IRQHandler
                0x08000370                EXTI4_IRQHandler
                0x08000370                CAN0_RX1_IRQHandler
                0x08000370                DMA0_Channel5_IRQHandler
                0x08000370                DMA1_Channel3_IRQHandler
                0x08000370                EXTI5_9_IRQHandler
                0x08000370                DMA0_Channel1_IRQHandler
                0x08000370                TIMER0_Channel_IRQHandler
                0x08000370                EXTI1_IRQHandler
                0x08000370                ENET_WKUP_IRQHandler
                0x08000370                USBHS_EP1_In_IRQHandler
                0x08000370                SPI0_IRQHandler
                0x08000370                USART2_IRQHandler
                0x08000370                CAN0_EWMC_IRQHandler
                0x08000370                CAN0_RX0_IRQHandler
                0x08000370                I2C2_ER_IRQHandler
                0x08000370                DMA1_Channel2_IRQHandler
                0x08000370                BusFault_Handler
                0x08000370                USART1_IRQHandler
                0x08000370                UART3_IRQHandler
                0x08000370                I2C1_ER_IRQHandler
                0x08000370                FMC_IRQHandler
                0x08000370                USBHS_WKUP_IRQHandler
                0x08000370                DMA0_Channel4_IRQHandler
                0x08000370                TRNG_IRQHandler
                0x08000370                ENET_IRQHandler
                0x08000370                USBHS_EP1_Out_IRQHandler
 .text._ZN3Rcu10PLLFactorsC2ENS_10PllFactorPEhtNS_15PllVcoPrescalerE
                0x08000372       0x40 Build/obj/main.o
                0x08000372                Rcu::PLLFactors::PLLFactors(Rcu::PllFactorP, unsigned char, unsigned short, Rcu::PllVcoPrescaler)
                0x08000372                Rcu::PLLFactors::PLLFactors(Rcu::PllFactorP, unsigned char, unsigned short, Rcu::PllVcoPrescaler)
 *fill*         0x080003b2        0x2 
 .text.main     0x080003b4      0x118 Build/obj/main.o
                0x080003b4                main
 .text._Z4etoiIN4Gpio3PinEEDaT_
                0x080004cc       0x18 Build/obj/Gpio.o
                0x080004cc                auto etoi<Gpio::Pin>(Gpio::Pin)
 .text._Z4etoiIN4Gpio4ModeEEDaT_
                0x080004e4       0x18 Build/obj/Gpio.o
                0x080004e4                auto etoi<Gpio::Mode>(Gpio::Mode)
 .text._ZN4Gpio10SetPinModeENS_3PinENS_4ModeE
                0x080004fc       0x56 Build/obj/Gpio.o
                0x080004fc                Gpio::SetPinMode(Gpio::Pin, Gpio::Mode)
 .text._Z4etoiIN4Gpio10OutputTypeEEDaT_
                0x08000552       0x18 Build/obj/Gpio.o
                0x08000552                auto etoi<Gpio::OutputType>(Gpio::OutputType)
 .text._ZN4Gpio13SetOutputTypeENS_3PinENS_10OutputTypeE
                0x0800056a       0x52 Build/obj/Gpio.o
                0x0800056a                Gpio::SetOutputType(Gpio::Pin, Gpio::OutputType)
 .text._Z4etoiIN4Gpio11OutputSpeedEEDaT_
                0x080005bc       0x18 Build/obj/Gpio.o
                0x080005bc                auto etoi<Gpio::OutputSpeed>(Gpio::OutputSpeed)
 .text._ZN4Gpio18SetOutputTypeSpeedENS_3PinENS_11OutputSpeedE
                0x080005d4       0x56 Build/obj/Gpio.o
                0x080005d4                Gpio::SetOutputTypeSpeed(Gpio::Pin, Gpio::OutputSpeed)
 .text._Z4etoiIN4Gpio4PullEEDaT_
                0x0800062a       0x18 Build/obj/Gpio.o
                0x0800062a                auto etoi<Gpio::Pull>(Gpio::Pull)
 .text._ZN4Gpio10SetPinPullENS_3PinENS_4PullE
                0x08000642       0x56 Build/obj/Gpio.o
                0x08000642                Gpio::SetPinPull(Gpio::Pin, Gpio::Pull)
 .text._ZN4Gpio7ReadPinENS_3PinE
                0x08000698       0x34 Build/obj/Gpio.o
                0x08000698                Gpio::ReadPin(Gpio::Pin)
 .text._ZN4Gpio6SetPinENS_3PinE
                0x080006cc       0x30 Build/obj/Gpio.o
                0x080006cc                Gpio::SetPin(Gpio::Pin)
 .text._ZN4Gpio8ResetPinENS_3PinE
                0x080006fc       0x30 Build/obj/Gpio.o
                0x080006fc                Gpio::ResetPin(Gpio::Pin)
 .text._ZN7GpioPinC2ER4GpioNS0_3PinE
                0x0800072c       0x28 Build/obj/Gpio.o
                0x0800072c                GpioPin::GpioPin(Gpio&, Gpio::Pin)
                0x0800072c                GpioPin::GpioPin(Gpio&, Gpio::Pin)
 .text._ZNK7GpioPin3SetEv
                0x08000754       0x20 Build/obj/Gpio.o
                0x08000754                GpioPin::Set() const
 .text._ZNK7GpioPin5ResetEv
                0x08000774       0x20 Build/obj/Gpio.o
                0x08000774                GpioPin::Reset() const
 .text._ZNK7GpioPin8GetStateEv
                0x08000794       0x22 Build/obj/Gpio.o
                0x08000794                GpioPin::GetState() const
 .text._ZNK7GpioPin7SetModeEN4Gpio4ModeE
                0x080007b6       0x24 Build/obj/Gpio.o
                0x080007b6                GpioPin::SetMode(Gpio::Mode) const
 .text._ZNK7GpioPin13SetOutputTypeEN4Gpio10OutputTypeE
                0x080007da       0x24 Build/obj/Gpio.o
                0x080007da                GpioPin::SetOutputType(Gpio::OutputType) const
 .text._ZNK7GpioPin14SetOutputSpeedEN4Gpio11OutputSpeedE
                0x080007fe       0x24 Build/obj/Gpio.o
                0x080007fe                GpioPin::SetOutputSpeed(Gpio::OutputSpeed) const
 .text._ZNK7GpioPin7SetPullEN4Gpio4PullE
                0x08000822       0x24 Build/obj/Gpio.o
                0x08000822                GpioPin::SetPull(Gpio::Pull) const
 .text._ZN3Rcu19EnableExternalClockEv
                0x08000846       0x36 Build/obj/Rcu.o
                0x08000846                Rcu::EnableExternalClock()
 .text._ZN3Rcu9EnablePllEv
                0x0800087c       0x36 Build/obj/Rcu.o
                0x0800087c                Rcu::EnablePll()
 .text._ZN3Rcu12ConfigurePllENS_14PllClockSourceENS_10PLLFactorsE
                0x080008b2       0x32 Build/obj/Rcu.o
                0x080008b2                Rcu::ConfigurePll(Rcu::PllClockSource, Rcu::PLLFactors)
 .text._ZN3Rcu15SetAhbPrescalerENS_12AhbPrescalerE
                0x080008e4       0x2a Build/obj/Rcu.o
                0x080008e4                Rcu::SetAhbPrescaler(Rcu::AhbPrescaler)
 .text._ZN3Rcu16SetApb1PrescalerENS_13Apb1PrescalerE
                0x0800090e       0x2a Build/obj/Rcu.o
                0x0800090e                Rcu::SetApb1Prescaler(Rcu::Apb1Prescaler)
 .text._ZN3Rcu16SetApb2PrescalerENS_13Apb2PrescalerE
                0x08000938       0x2a Build/obj/Rcu.o
                0x08000938                Rcu::SetApb2Prescaler(Rcu::Apb2Prescaler)
 .text._ZN3Rcu20SetSystemClockSourceENS_17SystemClockSourceE
                0x08000962       0x4a Build/obj/Rcu.o
                0x08000962                Rcu::SetSystemClockSource(Rcu::SystemClockSource)
 .text._ZN3Rcu11EnableGpioAEv
                0x080009ac       0x22 Build/obj/Rcu.o
                0x080009ac                Rcu::EnableGpioA()
 .text._ZN3Rcu11EnableGpioCEv
                0x080009ce       0x22 Build/obj/Rcu.o
                0x080009ce                Rcu::EnableGpioC()
 .text._ZN3Rcu20EnablePowerInterfaceEv
                0x080009f0       0x1e Build/obj/Rcu.o
                0x080009f0                Rcu::EnablePowerInterface()
 .text._ZN3Rcu17SetPllClockSourceENS_14PllClockSourceE
                0x08000a0e       0x2a Build/obj/Rcu.o
                0x08000a0e                Rcu::SetPllClockSource(Rcu::PllClockSource)
 .text._ZN3Rcu13SetPllFactorsENS_10PLLFactorsE
                0x08000a38       0x62 Build/obj/Rcu.o
                0x08000a38                Rcu::SetPllFactors(Rcu::PLLFactors)
 .text._Z4etoiIN3Rcu15PllVcoPrescalerEEDaT_
                0x08000a9a       0x18 Build/obj/Rcu.o
                0x08000a9a                auto etoi<Rcu::PllVcoPrescaler>(Rcu::PllVcoPrescaler)
 .text._Z4etoiIN3Rcu10PllFactorPEEDaT_
                0x08000ab2       0x18 Build/obj/Rcu.o
                0x08000ab2                auto etoi<Rcu::PllFactorP>(Rcu::PllFactorP)
 .text._Z4etoiIN3Rcu14PllClockSourceEEDaT_
                0x08000aca       0x18 Build/obj/Rcu.o
                0x08000aca                auto etoi<Rcu::PllClockSource>(Rcu::PllClockSource)
 .text._Z4etoiIN3Rcu12AhbPrescalerEEDaT_
                0x08000ae2       0x18 Build/obj/Rcu.o
                0x08000ae2                auto etoi<Rcu::AhbPrescaler>(Rcu::AhbPrescaler)
 *fill*         0x08000afa        0x2 
 .text._ZN3Rcu21UpdateSystemCoreClockEv
                0x08000afc       0xfc Build/obj/Rcu.o
                0x08000afc                Rcu::UpdateSystemCoreClock()
 .text._ZN3Pmu20EnableHighDriverModeEv
                0x08000bf8       0x36 Build/obj/Pmu.o
                0x08000bf8                Pmu::EnableHighDriverMode()
 .text._ZN3Pmu17SetHighDriverModeEv
                0x08000c2e       0x36 Build/obj/Pmu.o
                0x08000c2e                Pmu::SetHighDriverMode()
 .text.startup  0x08000c64       0x14 /usr/lib/gcc/arm-none-eabi/13.2.1/../../../arm-none-eabi/lib/thumb/v7e-m+fp/hard/libc.a(libc_a-__call_atexit.o)
 *(.glue_7)
 .glue_7        0x08000c78        0x0 linker stubs
 *(.glue_7t)
 .glue_7t       0x08000c78        0x0 linker stubs
 *(.eh_frame)
 .eh_frame      0x08000c78        0x0 /usr/lib/gcc/arm-none-eabi/13.2.1/thumb/v7e-m+fp/hard/crtbegin.o
 *(.init)
 .init          0x08000c78        0x4 /usr/lib/gcc/arm-none-eabi/13.2.1/thumb/v7e-m+fp/hard/crti.o
                0x08000c78                _init
 .init          0x08000c7c        0x8 /usr/lib/gcc/arm-none-eabi/13.2.1/thumb/v7e-m+fp/hard/crtn.o
 *(.fini)
 .fini          0x08000c84        0x4 /usr/lib/gcc/arm-none-eabi/13.2.1/thumb/v7e-m+fp/hard/crti.o
                0x08000c84                _fini
 .fini          0x08000c88        0x8 /usr/lib/gcc/arm-none-eabi/13.2.1/thumb/v7e-m+fp/hard/crtn.o
                0x08000c90                        . = ALIGN (0x4)
                0x08000c90                        _etext = .

.vfp11_veneer   0x08000c90        0x0
 .vfp11_veneer  0x08000c90        0x0 linker stubs

.v4_bx          0x08000c90        0x0
 .v4_bx         0x08000c90        0x0 linker stubs

.iplt           0x08000c90        0x0
 .iplt          0x08000c90        0x0 /usr/lib/gcc/arm-none-eabi/13.2.1/thumb/v7e-m+fp/hard/crtbegin.o

.rodata         0x08000c90       0x10
                0x08000c90                        . = ALIGN (0x4)
 *(.rodata)
 *(.rodata*)
 .rodata._ZZN3Rcu21UpdateSystemCoreClockEvE7ahb_exp
                0x08000c90       0x10 Build/obj/Rcu.o
                0x08000ca0                        . = ALIGN (0x4)

.rel.dyn        0x08000ca0        0x0
 .rel.iplt      0x08000ca0        0x0 /usr/lib/gcc/arm-none-eabi/13.2.1/thumb/v7e-m+fp/hard/crtbegin.o

.ARM.extab
 *(.ARM.extab* .gnu.linkonce.armextab.*)

.ARM            0x08000ca0        0x0
                0x08000ca0                        __exidx_start = .
 *(.ARM.exidx*)
                0x08000ca0                        __exidx_end = .

.preinit_array  0x08000ca0        0x0
                0x08000ca0                        PROVIDE (__preinit_array_start = .)
 *(.preinit_array*)
                0x08000ca0                        PROVIDE (__preinit_array_end = .)

.init_array     0x08000ca0        0x8
                0x08000ca0                        PROVIDE (__init_array_start = .)
 *(SORT_BY_NAME(.init_array.*))
 .init_array.00000
                0x08000ca0        0x4 /usr/lib/gcc/arm-none-eabi/13.2.1/../../../arm-none-eabi/lib/thumb/v7e-m+fp/hard/libc.a(libc_a-__call_atexit.o)
 *(.init_array*)
 .init_array    0x08000ca4        0x4 /usr/lib/gcc/arm-none-eabi/13.2.1/thumb/v7e-m+fp/hard/crtbegin.o
                0x08000ca8                        PROVIDE (__init_array_end = .)

.fini_array     0x08000ca8        0x4
                0x08000ca8                        PROVIDE (__fini_array_start = .)
 *(SORT_BY_NAME(.fini_array.*))
 *(.fini_array*)
 .fini_array    0x08000ca8        0x4 /usr/lib/gcc/arm-none-eabi/13.2.1/thumb/v7e-m+fp/hard/crtbegin.o
                0x08000cac                        PROVIDE (__fini_array_end = .)
                0x08000cac                        _sidata = LOADADDR (.data)

.data           0x20000000        0x4 load address 0x08000cac
                0x20000000                        . = ALIGN (0x4)
                0x20000000                        _sdata = .
 *(.data)
 *(.data*)
 .data.SystemCoreClock
                0x20000000        0x4 Build/obj/system_gd32f4xx.o
                0x20000000                SystemCoreClock
                0x20000004                        . = ALIGN (0x4)
                0x20000004                        _edata = .

.tm_clone_table
                0x20000004        0x0 load address 0x08000cb0
 .tm_clone_table
                0x20000004        0x0 /usr/lib/gcc/arm-none-eabi/13.2.1/thumb/v7e-m+fp/hard/crtbegin.o
 .tm_clone_table
                0x20000004        0x0 /usr/lib/gcc/arm-none-eabi/13.2.1/thumb/v7e-m+fp/hard/crtend.o

.igot.plt       0x20000004        0x0 load address 0x08000cb0
 .igot.plt      0x20000004        0x0 /usr/lib/gcc/arm-none-eabi/13.2.1/thumb/v7e-m+fp/hard/crtbegin.o
                0x20000004                        . = ALIGN (0x4)

.bss            0x20000004      0x1b0 load address 0x08000cb0
                0x20000004                        _sbss = .
                0x20000004                        __bss_start__ = _sbss
 *(.bss)
 .bss           0x20000004       0x1c /usr/lib/gcc/arm-none-eabi/13.2.1/thumb/v7e-m+fp/hard/crtbegin.o
 .bss           0x20000020        0x4 /usr/lib/gcc/arm-none-eabi/13.2.1/../../../arm-none-eabi/lib/thumb/v7e-m+fp/hard/libc.a(libc_a-__call_atexit.o)
                0x20000020                __atexit
 .bss           0x20000024      0x190 /usr/lib/gcc/arm-none-eabi/13.2.1/../../../arm-none-eabi/lib/thumb/v7e-m+fp/hard/libc.a(libc_a-__atexit.o)
                0x20000024                __atexit0
 *(.bss*)
 *(COMMON)
                0x200001b4                        . = ALIGN (0x4)
                0x200001b4                        _ebss = .
                0x200001b4                        __bss_end__ = _ebss
                0x08000cb0                        _sitcmram = LOADADDR (.tcmram)

.tcmram         0x10000000        0x0 load address 0x08000cb0
                0x10000000                        . = ALIGN (0x4)
                0x10000000                        _stcmram = .
 *(.tcmram)
 *(.tcmram*)
                0x10000000                        . = ALIGN (0x4)
                0x10000000                        _etcmram = .

._user_heap_stack
                0x200001b4      0x604
                0x200001b8                        . = ALIGN (0x8)
 *fill*         0x200001b4        0x4 
                0x200001b8                        PROVIDE (end = .)
                [!provide]                        PROVIDE (_end = .)
                0x200003b8                        . = (. + _Min_Heap_Size)
 *fill*         0x200001b8      0x200 
                0x200007b8                        . = (. + _Min_Stack_Size)
 *fill*         0x200003b8      0x400 
                0x200007b8                        . = ALIGN (0x8)

/DISCARD/
 libc.a(*)
 libm.a(*)
 libgcc.a(*)

.ARM.attributes
                0x00000000       0x30
 *(.ARM.attributes)
 .ARM.attributes
                0x00000000       0x22 /usr/lib/gcc/arm-none-eabi/13.2.1/thumb/v7e-m+fp/hard/crti.o
 .ARM.attributes
                0x00000022       0x34 /usr/lib/gcc/arm-none-eabi/13.2.1/thumb/v7e-m+fp/hard/crtbegin.o
 .ARM.attributes
                0x00000056       0x34 Build/obj/system_gd32f4xx.o
 .ARM.attributes
                0x0000008a       0x21 Build/obj/startup_gd32f407_427.o
 .ARM.attributes
                0x000000ab       0x34 Build/obj/main.o
 .ARM.attributes
                0x000000df       0x34 Build/obj/Gpio.o
 .ARM.attributes
                0x00000113       0x34 Build/obj/Rcu.o
 .ARM.attributes
                0x00000147       0x34 Build/obj/Pmu.o
 .ARM.attributes
                0x0000017b       0x34 /usr/lib/gcc/arm-none-eabi/13.2.1/../../../arm-none-eabi/lib/thumb/v7e-m+fp/hard/libc.a(libc_a-init.o)
 .ARM.attributes
                0x000001af       0x34 /usr/lib/gcc/arm-none-eabi/13.2.1/../../../arm-none-eabi/lib/thumb/v7e-m+fp/hard/libc.a(libc_a-atexit.o)
 .ARM.attributes
                0x000001e3       0x34 /usr/lib/gcc/arm-none-eabi/13.2.1/../../../arm-none-eabi/lib/thumb/v7e-m+fp/hard/libc.a(libc_a-fini.o)
 .ARM.attributes
                0x00000217       0x34 /usr/lib/gcc/arm-none-eabi/13.2.1/../../../arm-none-eabi/lib/thumb/v7e-m+fp/hard/libc.a(libc_a-__call_atexit.o)
 .ARM.attributes
                0x0000024b       0x34 /usr/lib/gcc/arm-none-eabi/13.2.1/../../../arm-none-eabi/lib/thumb/v7e-m+fp/hard/libc.a(libc_a-__atexit.o)
 .ARM.attributes
                0x0000027f       0x34 /usr/lib/gcc/arm-none-eabi/13.2.1/thumb/v7e-m+fp/hard/crtend.o
 .ARM.attributes
                0x000002b3       0x22 /usr/lib/gcc/arm-none-eabi/13.2.1/thumb/v7e-m+fp/hard/crtn.o
OUTPUT(Build/Base_Makefile_GD32f4xx.elf elf32-littlearm)
LOAD linker stubs
LOAD /usr/lib/gcc/arm-none-eabi/13.2.1/../../../arm-none-eabi/lib/thumb/v7e-m+fp/hard/libc.a
LOAD /usr/lib/gcc/arm-none-eabi/13.2.1/../../../arm-none-eabi/lib/thumb/v7e-m+fp/hard/libm.a
LOAD /usr/lib/gcc/arm-none-eabi/13.2.1/thumb/v7e-m+fp/hard/libgcc.a

.comment        0x00000000       0x26
 .comment       0x00000000       0x26 /usr/lib/gcc/arm-none-eabi/13.2.1/thumb/v7e-m+fp/hard/crtbegin.o
                                 0x27 (size before relaxing)
 .comment       0x00000026       0x27 Build/obj/system_gd32f4xx.o
 .comment       0x00000026       0x27 Build/obj/main.o
 .comment       0x00000026       0x27 Build/obj/Gpio.o
 .comment       0x00000026       0x27 Build/obj/Rcu.o
 .comment       0x00000026       0x27 Build/obj/Pmu.o
 .comment       0x00000026       0x27 /usr/lib/gcc/arm-none-eabi/13.2.1/../../../arm-none-eabi/lib/thumb/v7e-m+fp/hard/libc.a(libc_a-init.o)
 .comment       0x00000026       0x27 /usr/lib/gcc/arm-none-eabi/13.2.1/../../../arm-none-eabi/lib/thumb/v7e-m+fp/hard/libc.a(libc_a-atexit.o)
 .comment       0x00000026       0x27 /usr/lib/gcc/arm-none-eabi/13.2.1/../../../arm-none-eabi/lib/thumb/v7e-m+fp/hard/libc.a(libc_a-fini.o)
 .comment       0x00000026       0x27 /usr/lib/gcc/arm-none-eabi/13.2.1/../../../arm-none-eabi/lib/thumb/v7e-m+fp/hard/libc.a(libc_a-__call_atexit.o)
 .comment       0x00000026       0x27 /usr/lib/gcc/arm-none-eabi/13.2.1/../../../arm-none-eabi/lib/thumb/v7e-m+fp/hard/libc.a(libc_a-__atexit.o)
 .comment       0x00000026       0x27 /usr/lib/gcc/arm-none-eabi/13.2.1/thumb/v7e-m+fp/hard/crtend.o

.debug_info     0x00000000     0x82d3
 .debug_info    0x00000000      0x390 Build/obj/system_gd32f4xx.o
 .debug_info    0x00000390     0x3782 Build/obj/main.o
 .debug_info    0x00003b12      0xaac Build/obj/Gpio.o
 .debug_info    0x000045be     0x308a Build/obj/Rcu.o
 .debug_info    0x00007648      0x4ea Build/obj/Pmu.o
 .debug_info    0x00007b32      0x10b /usr/lib/gcc/arm-none-eabi/13.2.1/../../../arm-none-eabi/lib/thumb/v7e-m+fp/hard/libc.a(libc_a-init.o)
 .debug_info    0x00007c3d      0x11e /usr/lib/gcc/arm-none-eabi/13.2.1/../../../arm-none-eabi/lib/thumb/v7e-m+fp/hard/libc.a(libc_a-atexit.o)
 .debug_info    0x00007d5b       0xf7 /usr/lib/gcc/arm-none-eabi/13.2.1/../../../arm-none-eabi/lib/thumb/v7e-m+fp/hard/libc.a(libc_a-fini.o)
 .debug_info    0x00007e52      0x284 /usr/lib/gcc/arm-none-eabi/13.2.1/../../../arm-none-eabi/lib/thumb/v7e-m+fp/hard/libc.a(libc_a-__call_atexit.o)
 .debug_info    0x000080d6      0x1fd /usr/lib/gcc/arm-none-eabi/13.2.1/../../../arm-none-eabi/lib/thumb/v7e-m+fp/hard/libc.a(libc_a-__atexit.o)

.debug_abbrev   0x00000000     0x134d
 .debug_abbrev  0x00000000      0x177 Build/obj/system_gd32f4xx.o
 .debug_abbrev  0x00000177      0x4c3 Build/obj/main.o
 .debug_abbrev  0x0000063a      0x22a Build/obj/Gpio.o
 .debug_abbrev  0x00000864      0x3f8 Build/obj/Rcu.o
 .debug_abbrev  0x00000c5c      0x167 Build/obj/Pmu.o
 .debug_abbrev  0x00000dc3       0xc9 /usr/lib/gcc/arm-none-eabi/13.2.1/../../../arm-none-eabi/lib/thumb/v7e-m+fp/hard/libc.a(libc_a-init.o)
 .debug_abbrev  0x00000e8c       0xc1 /usr/lib/gcc/arm-none-eabi/13.2.1/../../../arm-none-eabi/lib/thumb/v7e-m+fp/hard/libc.a(libc_a-atexit.o)
 .debug_abbrev  0x00000f4d       0xcc /usr/lib/gcc/arm-none-eabi/13.2.1/../../../arm-none-eabi/lib/thumb/v7e-m+fp/hard/libc.a(libc_a-fini.o)
 .debug_abbrev  0x00001019      0x1dd /usr/lib/gcc/arm-none-eabi/13.2.1/../../../arm-none-eabi/lib/thumb/v7e-m+fp/hard/libc.a(libc_a-__call_atexit.o)
 .debug_abbrev  0x000011f6      0x157 /usr/lib/gcc/arm-none-eabi/13.2.1/../../../arm-none-eabi/lib/thumb/v7e-m+fp/hard/libc.a(libc_a-__atexit.o)

.debug_aranges  0x00000000      0x2d8
 .debug_aranges
                0x00000000       0x38 Build/obj/system_gd32f4xx.o
 .debug_aranges
                0x00000038       0x28 Build/obj/main.o
 .debug_aranges
                0x00000060       0xe0 Build/obj/Gpio.o
 .debug_aranges
                0x00000140       0xc8 Build/obj/Rcu.o
 .debug_aranges
                0x00000208       0x28 Build/obj/Pmu.o
 .debug_aranges
                0x00000230       0x20 /usr/lib/gcc/arm-none-eabi/13.2.1/../../../arm-none-eabi/lib/thumb/v7e-m+fp/hard/libc.a(libc_a-init.o)
 .debug_aranges
                0x00000250       0x20 /usr/lib/gcc/arm-none-eabi/13.2.1/../../../arm-none-eabi/lib/thumb/v7e-m+fp/hard/libc.a(libc_a-atexit.o)
 .debug_aranges
                0x00000270       0x20 /usr/lib/gcc/arm-none-eabi/13.2.1/../../../arm-none-eabi/lib/thumb/v7e-m+fp/hard/libc.a(libc_a-fini.o)
 .debug_aranges
                0x00000290       0x28 /usr/lib/gcc/arm-none-eabi/13.2.1/../../../arm-none-eabi/lib/thumb/v7e-m+fp/hard/libc.a(libc_a-__call_atexit.o)
 .debug_aranges
                0x000002b8       0x20 /usr/lib/gcc/arm-none-eabi/13.2.1/../../../arm-none-eabi/lib/thumb/v7e-m+fp/hard/libc.a(libc_a-__atexit.o)

.debug_rnglists
                0x00000000      0x1c9
 .debug_rnglists
                0x00000000       0x26 Build/obj/system_gd32f4xx.o
 .debug_rnglists
                0x00000026       0x1a Build/obj/main.o
 .debug_rnglists
                0x00000040       0xa4 Build/obj/Gpio.o
 .debug_rnglists
                0x000000e4       0x92 Build/obj/Rcu.o
 .debug_rnglists
                0x00000176       0x19 Build/obj/Pmu.o
 .debug_rnglists
                0x0000018f       0x3a /usr/lib/gcc/arm-none-eabi/13.2.1/../../../arm-none-eabi/lib/thumb/v7e-m+fp/hard/libc.a(libc_a-__call_atexit.o)

.debug_macro    0x00000000     0xeb5d
 .debug_macro   0x00000000      0x2b0 Build/obj/system_gd32f4xx.o
 .debug_macro   0x000002b0      0xacc Build/obj/system_gd32f4xx.o
 .debug_macro   0x00000d7c       0x6a Build/obj/system_gd32f4xx.o
 .debug_macro   0x00000de6      0x34e Build/obj/system_gd32f4xx.o
 .debug_macro   0x00001134       0x2e Build/obj/system_gd32f4xx.o
 .debug_macro   0x00001162       0x10 Build/obj/system_gd32f4xx.o
 .debug_macro   0x00001172       0x34 Build/obj/system_gd32f4xx.o
 .debug_macro   0x000011a6      0x26d Build/obj/system_gd32f4xx.o
 .debug_macro   0x00001413       0x28 Build/obj/system_gd32f4xx.o
 .debug_macro   0x0000143b     0x11ae Build/obj/system_gd32f4xx.o
 .debug_macro   0x000025e9      0x11f Build/obj/system_gd32f4xx.o
 .debug_macro   0x00002708      0x154 Build/obj/system_gd32f4xx.o
 .debug_macro   0x0000285c      0xe8a Build/obj/system_gd32f4xx.o
 .debug_macro   0x000036e6      0x73e Build/obj/system_gd32f4xx.o
 .debug_macro   0x00003e24      0x8ed Build/obj/system_gd32f4xx.o
 .debug_macro   0x00004711       0x34 Build/obj/system_gd32f4xx.o
 .debug_macro   0x00004745      0x194 Build/obj/system_gd32f4xx.o
 .debug_macro   0x000048d9      0x2df Build/obj/system_gd32f4xx.o
 .debug_macro   0x00004bb8       0xee Build/obj/system_gd32f4xx.o
 .debug_macro   0x00004ca6      0x25b Build/obj/system_gd32f4xx.o
 .debug_macro   0x00004f01      0x49e Build/obj/system_gd32f4xx.o
 .debug_macro   0x0000539f      0x3b4 Build/obj/system_gd32f4xx.o
 .debug_macro   0x00005753      0x561 Build/obj/system_gd32f4xx.o
 .debug_macro   0x00005cb4       0xac Build/obj/system_gd32f4xx.o
 .debug_macro   0x00005d60      0x74a Build/obj/system_gd32f4xx.o
 .debug_macro   0x000064aa      0x1e1 Build/obj/system_gd32f4xx.o
 .debug_macro   0x0000668b      0x333 Build/obj/system_gd32f4xx.o
 .debug_macro   0x000069be      0x2c6 Build/obj/system_gd32f4xx.o
 .debug_macro   0x00006c84      0x1c0 Build/obj/system_gd32f4xx.o
 .debug_macro   0x00006e44      0x8da Build/obj/system_gd32f4xx.o
 .debug_macro   0x0000771e      0x609 Build/obj/system_gd32f4xx.o
 .debug_macro   0x00007d27      0x424 Build/obj/system_gd32f4xx.o
 .debug_macro   0x0000814b      0xa3e Build/obj/system_gd32f4xx.o
 .debug_macro   0x00008b89       0x52 Build/obj/system_gd32f4xx.o
 .debug_macro   0x00008bdb      0x44e Build/obj/system_gd32f4xx.o
 .debug_macro   0x00009029       0x70 Build/obj/system_gd32f4xx.o
 .debug_macro   0x00009099       0x70 Build/obj/system_gd32f4xx.o
 .debug_macro   0x00009109       0x2a Build/obj/system_gd32f4xx.o
 .debug_macro   0x00009133       0x22 Build/obj/system_gd32f4xx.o
 .debug_macro   0x00009155       0x60 Build/obj/system_gd32f4xx.o
 .debug_macro   0x000091b5       0x94 Build/obj/system_gd32f4xx.o
 .debug_macro   0x00009249       0x3c Build/obj/system_gd32f4xx.o
 .debug_macro   0x00009285       0x34 Build/obj/system_gd32f4xx.o
 .debug_macro   0x000092b9       0x16 Build/obj/system_gd32f4xx.o
 .debug_macro   0x000092cf      0x11c Build/obj/system_gd32f4xx.o
 .debug_macro   0x000093eb       0x94 Build/obj/system_gd32f4xx.o
 .debug_macro   0x0000947f       0x57 Build/obj/system_gd32f4xx.o
 .debug_macro   0x000094d6      0x38c Build/obj/system_gd32f4xx.o
 .debug_macro   0x00009862       0x16 Build/obj/system_gd32f4xx.o
 .debug_macro   0x00009878       0x4a Build/obj/system_gd32f4xx.o
 .debug_macro   0x000098c2       0x34 Build/obj/system_gd32f4xx.o
 .debug_macro   0x000098f6       0x10 Build/obj/system_gd32f4xx.o
 .debug_macro   0x00009906       0x52 Build/obj/system_gd32f4xx.o
 .debug_macro   0x00009958      0x1de Build/obj/system_gd32f4xx.o
 .debug_macro   0x00009b36       0x16 Build/obj/system_gd32f4xx.o
 .debug_macro   0x00009b4c       0x29 Build/obj/system_gd32f4xx.o
 .debug_macro   0x00009b75     0x135a Build/obj/system_gd32f4xx.o
 .debug_macro   0x0000aecf      0xae2 Build/obj/system_gd32f4xx.o
 .debug_macro   0x0000b9b1      0x305 Build/obj/main.o
 .debug_macro   0x0000bcb6      0xba4 Build/obj/main.o
 .debug_macro   0x0000c85a     0x11ae Build/obj/main.o
 .debug_macro   0x0000da08      0x1f2 Build/obj/main.o
 .debug_macro   0x0000dbfa       0x10 Build/obj/main.o
 .debug_macro   0x0000dc0a      0x41e Build/obj/main.o
 .debug_macro   0x0000e028       0x10 Build/obj/main.o
 .debug_macro   0x0000e038       0x5c Build/obj/main.o
 .debug_macro   0x0000e094       0x34 Build/obj/main.o
 .debug_macro   0x0000e0c8      0x11c Build/obj/main.o
 .debug_macro   0x0000e1e4       0xa2 Build/obj/main.o
 .debug_macro   0x0000e286      0x38c Build/obj/main.o
 .debug_macro   0x0000e612       0x4a Build/obj/main.o
 .debug_macro   0x0000e65c       0x22 Build/obj/main.o
 .debug_macro   0x0000e67e       0x10 Build/obj/main.o
 .debug_macro   0x0000e68e       0x10 Build/obj/main.o
 .debug_macro   0x0000e69e       0xde Build/obj/main.o
 .debug_macro   0x0000e77c       0x33 Build/obj/main.o
 .debug_macro   0x0000e7af       0x50 Build/obj/Gpio.o
 .debug_macro   0x0000e7ff       0x2d Build/obj/Gpio.o
 .debug_macro   0x0000e82c      0x2e1 Build/obj/Rcu.o
 .debug_macro   0x0000eb0d       0x50 Build/obj/Pmu.o

.debug_line     0x00000000     0x219a
 .debug_line    0x00000000      0x533 Build/obj/system_gd32f4xx.o
 .debug_line    0x00000533      0x629 Build/obj/main.o
 .debug_line    0x00000b5c      0x612 Build/obj/Gpio.o
 .debug_line    0x0000116e      0x845 Build/obj/Rcu.o
 .debug_line    0x000019b3      0x166 Build/obj/Pmu.o
 .debug_line    0x00001b19      0x11e /usr/lib/gcc/arm-none-eabi/13.2.1/../../../arm-none-eabi/lib/thumb/v7e-m+fp/hard/libc.a(libc_a-init.o)
 .debug_line    0x00001c37       0xc3 /usr/lib/gcc/arm-none-eabi/13.2.1/../../../arm-none-eabi/lib/thumb/v7e-m+fp/hard/libc.a(libc_a-atexit.o)
 .debug_line    0x00001cfa       0xd2 /usr/lib/gcc/arm-none-eabi/13.2.1/../../../arm-none-eabi/lib/thumb/v7e-m+fp/hard/libc.a(libc_a-fini.o)
 .debug_line    0x00001dcc      0x27f /usr/lib/gcc/arm-none-eabi/13.2.1/../../../arm-none-eabi/lib/thumb/v7e-m+fp/hard/libc.a(libc_a-__call_atexit.o)
 .debug_line    0x0000204b      0x14f /usr/lib/gcc/arm-none-eabi/13.2.1/../../../arm-none-eabi/lib/thumb/v7e-m+fp/hard/libc.a(libc_a-__atexit.o)

.debug_str      0x00000000    0x3ef47
 .debug_str     0x00000000    0x3ef47 Build/obj/system_gd32f4xx.o
                              0x3a6bf (size before relaxing)
 .debug_str     0x0003ef47    0x3e64c Build/obj/main.o
 .debug_str     0x0003ef47     0x5fe8 Build/obj/Gpio.o
 .debug_str     0x0003ef47    0x3de90 Build/obj/Rcu.o
 .debug_str     0x0003ef47     0x5cff Build/obj/Pmu.o
 .debug_str     0x0003ef47      0x1f5 /usr/lib/gcc/arm-none-eabi/13.2.1/../../../arm-none-eabi/lib/thumb/v7e-m+fp/hard/libc.a(libc_a-init.o)
 .debug_str     0x0003ef47      0x1d1 /usr/lib/gcc/arm-none-eabi/13.2.1/../../../arm-none-eabi/lib/thumb/v7e-m+fp/hard/libc.a(libc_a-atexit.o)
 .debug_str     0x0003ef47      0x1cb /usr/lib/gcc/arm-none-eabi/13.2.1/../../../arm-none-eabi/lib/thumb/v7e-m+fp/hard/libc.a(libc_a-fini.o)
 .debug_str     0x0003ef47      0x25e /usr/lib/gcc/arm-none-eabi/13.2.1/../../../arm-none-eabi/lib/thumb/v7e-m+fp/hard/libc.a(libc_a-__call_atexit.o)
 .debug_str     0x0003ef47      0x23c /usr/lib/gcc/arm-none-eabi/13.2.1/../../../arm-none-eabi/lib/thumb/v7e-m+fp/hard/libc.a(libc_a-__atexit.o)

.debug_frame    0x00000000      0x974
 .debug_frame   0x00000000       0x70 Build/obj/system_gd32f4xx.o
 .debug_frame   0x00000070       0x58 Build/obj/main.o
 .debug_frame   0x000000c8      0x3cc Build/obj/Gpio.o
 .debug_frame   0x00000494      0x378 Build/obj/Rcu.o
 .debug_frame   0x0000080c       0x60 Build/obj/Pmu.o
 .debug_frame   0x0000086c       0x2c /usr/lib/gcc/arm-none-eabi/13.2.1/../../../arm-none-eabi/lib/thumb/v7e-m+fp/hard/libc.a(libc_a-init.o)
 .debug_frame   0x00000898       0x20 /usr/lib/gcc/arm-none-eabi/13.2.1/../../../arm-none-eabi/lib/thumb/v7e-m+fp/hard/libc.a(libc_a-atexit.o)
 .debug_frame   0x000008b8       0x34 /usr/lib/gcc/arm-none-eabi/13.2.1/../../../arm-none-eabi/lib/thumb/v7e-m+fp/hard/libc.a(libc_a-fini.o)
 .debug_frame   0x000008ec       0x54 /usr/lib/gcc/arm-none-eabi/13.2.1/../../../arm-none-eabi/lib/thumb/v7e-m+fp/hard/libc.a(libc_a-__call_atexit.o)
 .debug_frame   0x00000940       0x34 /usr/lib/gcc/arm-none-eabi/13.2.1/../../../arm-none-eabi/lib/thumb/v7e-m+fp/hard/libc.a(libc_a-__atexit.o)

.debug_loclists
                0x00000000      0x2ba
 .debug_loclists
                0x00000000       0x65 /usr/lib/gcc/arm-none-eabi/13.2.1/../../../arm-none-eabi/lib/thumb/v7e-m+fp/hard/libc.a(libc_a-init.o)
 .debug_loclists
                0x00000065       0x2b /usr/lib/gcc/arm-none-eabi/13.2.1/../../../arm-none-eabi/lib/thumb/v7e-m+fp/hard/libc.a(libc_a-atexit.o)
 .debug_loclists
                0x00000090       0x42 /usr/lib/gcc/arm-none-eabi/13.2.1/../../../arm-none-eabi/lib/thumb/v7e-m+fp/hard/libc.a(libc_a-fini.o)
 .debug_loclists
                0x000000d2      0x102 /usr/lib/gcc/arm-none-eabi/13.2.1/../../../arm-none-eabi/lib/thumb/v7e-m+fp/hard/libc.a(libc_a-__call_atexit.o)
 .debug_loclists
                0x000001d4       0xe6 /usr/lib/gcc/arm-none-eabi/13.2.1/../../../arm-none-eabi/lib/thumb/v7e-m+fp/hard/libc.a(libc_a-__atexit.o)
